This file contains any messages produced by compilers while
running configure, to aid debugging if configure makes a mistake.

It was created by OpenJDK configure openjdk, which was
generated by GNU Autoconf 2.71.  Invocation command line was

  $ /home/runner/work/jdk/jdk/configure --enable-option-checking=fatal --with-debug-level=fastdebug --disable-warnings-as-errors --with-freetype=bundled --with-jvm-variants=server --with-cups-include=/usr/include --with-fontconfig-include=/tmp/fake-fc

## --------- ##
## Platform. ##
## --------- ##

hostname = runnervm46oaq
uname -m = x86_64
uname -r = 6.14.0-1017-azure
uname -s = Linux
uname -v = #17~24.04.1-Ubuntu SMP Mon Dec  1 20:10:50 UTC 2025

/usr/bin/uname -p = x86_64
/bin/uname -X     = unknown

/bin/arch              = x86_64
/usr/bin/arch -k       = unknown
/usr/convex/getsysinfo = unknown
/usr/bin/hostinfo      = unknown
/bin/machine           = unknown
/usr/bin/oslevel       = unknown
/bin/universe          = unknown

PATH: /home/runner/work/_temp/ghcca-node/node/bin/
PATH: /snap/bin/
PATH: /home/runner/.local/bin/
PATH: /opt/pipx_bin/
PATH: /home/runner/.cargo/bin/
PATH: /home/runner/.config/composer/vendor/bin/
PATH: /usr/local/.ghcup/bin/
PATH: /home/runner/.dotnet/tools/
PATH: /usr/local/sbin/
PATH: /usr/local/bin/
PATH: /usr/sbin/
PATH: /usr/bin/
PATH: /sbin/
PATH: /bin/
PATH: /usr/games/
PATH: /usr/local/games/
PATH: /snap/bin/


## ----------- ##
## Core tests. ##
## ----------- ##

configure:3598: looking for aux files: config.guess config.sub
configure:3611:  trying /home/runner/work/jdk/jdk/make/autoconf/build-aux/
configure:3640:   /home/runner/work/jdk/jdk/make/autoconf/build-aux/config.guess found
configure:3640:   /home/runner/work/jdk/jdk/make/autoconf/build-aux/config.sub found
configure:6543: Configuration created at Thu Mar 26 12:25:16 UTC 2026.
configure:6552: checking for basename
configure:6575: found /usr/bin/basename
configure:6587: result: /usr/bin/basename
configure:6607: checking for dirname
configure:6630: found /usr/bin/dirname
configure:6642: result: /usr/bin/dirname
configure:6662: checking for file
configure:6685: found /usr/bin/file
configure:6697: result: /usr/bin/file
configure:6717: checking for ldd
configure:6740: found /usr/bin/ldd
configure:6752: result: /usr/bin/ldd
configure:6782: checking for echo
configure:6790: result: echo [builtin]
configure:7671: checking for tr
configure:7915: result: /usr/bin/tr
configure:8560: checking for uname
configure:8804: result: /usr/bin/uname
configure:9449: checking for wc
configure:9693: result: /usr/bin/wc
configure:10330: checking for grep that handles long lines and -e
configure:10394: result: /usr/bin/grep
configure:10821: checking for egrep
configure:10889: result: /usr/bin/grep -E
configure:11320: checking for a sed that does not truncate output
configure:11390: result: /usr/bin/sed
configure:11834: checking for locale
configure:12078: result: /usr/bin/locale
configure:12716: checking for cygpath
configure:12967: result: [not found]
configure:12716: checking for wslpath
configure:12967: result: [not found]
configure:13598: checking for cmd.exe
configure:13849: result: [not found]
configure:14480: checking for lsb_release
configure:14724: result: /usr/bin/lsb_release
configure:15357: checking build system type
configure:15372: result: x86_64-pc-linux-gnu
configure:15392: checking host system type
configure:15406: result: x86_64-pc-linux-gnu
configure:15426: checking target system type
configure:15440: result: x86_64-pc-linux-gnu
configure:15757: checking openjdk-build os-cpu
configure:15759: result: linux-x86_64
configure:15763: checking openjdk-build C library
configure:15765: result: gnu
configure:16037: checking openjdk-target os-cpu
configure:16039: result: linux-x86_64
configure:16043: checking openjdk-target C library
configure:16045: result: gnu
configure:16097: checking compilation type
configure:16099: result: native
configure:16843: checking for top-level directory
configure:16845: result: /home/runner/work/jdk/jdk
configure:17327: checking for bash
configure:17571: result: /usr/bin/bash
configure:17935: checking for cat
configure:18179: result: /usr/bin/cat
configure:18824: checking for chmod
configure:19068: result: /usr/bin/chmod
configure:19713: checking for cp
configure:19957: result: /usr/bin/cp
configure:20602: checking for cut
configure:20846: result: /usr/bin/cut
configure:21491: checking for date
configure:21735: result: /usr/bin/date
configure:22380: checking for gdiff
configure:22631: result: [not found]
configure:22380: checking for diff
configure:22624: result: /usr/bin/diff
configure:23269: checking for expr
configure:23513: result: /usr/bin/expr
configure:24158: checking for find
configure:24402: result: /usr/bin/find
configure:25047: checking for gunzip
configure:25291: result: /usr/bin/gunzip
configure:25936: checking for pigz
configure:26180: result: /usr/bin/pigz
configure:26825: checking for head
configure:27069: result: /usr/bin/head
configure:27714: checking for ln
configure:27958: result: /usr/bin/ln
configure:28603: checking for ls
configure:28847: result: /usr/bin/ls
configure:29493: checking for gmkdir
configure:29744: result: [not found]
configure:29493: checking for mkdir
configure:29737: result: /usr/bin/mkdir
configure:30382: checking for mktemp
configure:30626: result: /usr/bin/mktemp
configure:31271: checking for mv
configure:31515: result: /usr/bin/mv
configure:32160: checking for gawk
configure:32404: result: /usr/bin/gawk
configure:33049: checking for printf
configure:33057: result: printf [builtin]
configure:33938: checking for rm
configure:34182: result: /usr/bin/rm
configure:34827: checking for rmdir
configure:35071: result: /usr/bin/rmdir
configure:35716: checking for sh
configure:35960: result: /usr/bin/sh
configure:36605: checking for sort
configure:36849: result: /usr/bin/sort
configure:37494: checking for tail
configure:37738: result: /usr/bin/tail
configure:38383: checking for gtar
configure:38634: result: [not found]
configure:38383: checking for tar
configure:38627: result: /usr/bin/tar
configure:39272: checking for tee
configure:39516: result: /usr/bin/tee
configure:40161: checking for touch
configure:40405: result: /usr/bin/touch
configure:41050: checking for xargs
configure:41294: result: /usr/bin/xargs
configure:41931: checking for fgrep
configure:41999: result: /usr/bin/grep -F
configure:42441: checking for cmake
configure:42685: result: /usr/local/bin/cmake
configure:43323: checking for df
configure:43567: result: /usr/bin/df
configure:44205: checking for git
configure:44449: result: /usr/bin/git
configure:45087: checking for nice
configure:45331: result: /usr/bin/nice
configure:45969: checking for greadlink
configure:46220: result: [not found]
configure:45969: checking for readlink
configure:46213: result: /usr/bin/readlink
configure:46851: checking for whoami
configure:47095: result: /usr/bin/whoami
configure:47735: checking for cmp
configure:47979: result: /usr/bin/cmp
configure:48617: checking for uniq
configure:48861: result: /usr/bin/uniq
configure:49490: CI environment variable set to true
configure:49778: checking for build environment type
configure:49858: result: ci, default (calculated from 'auto')
configure:49962: checking for locale to use
configure:49968: result: C.UTF-8 (recommended)
configure:50202: checking if custom source is suppressed (openjdk-only)
configure:50240: result: disabled, default
configure:50487: checking for --enable-debug
configure:50525: result: disabled, default
configure:50572: checking which debug level to use
configure:50586: result: fastdebug
configure:50645: checking which variants of the JVM to build
configure:50650: result: server
configure:50708: checking if absolute paths should be allowed in the build output
configure:50723: result: yes, debug build
configure:51017: checking for toolchain path
configure:51019: result: 
configure:54749: checking for sysroot
configure:54751: result: 
configure:54755: checking for extra path
configure:54757: result: 
configure:54784: checking where to store configuration
configure:54793: result: in default location
configure:54860: checking what configuration name to use
configure:54862: result: linux-x86_64-server-fastdebug
configure:55010: checking for zypper
configure:55261: result: [not found]
configure:55010: checking for apt-get
configure:55254: result: /usr/bin/apt-get
configure:55896: checking for pandoc
configure:56147: result: [not found]
configure:56834: checking for gmake
configure:57078: result: /usr/bin/gmake
configure:58600: Testing potential make at /usr/bin/gmake, found using gmake in PATH
configure:65595: Using GNU make at /usr/bin/gmake (version: GNU Make 4.3)
configure:65892: checking if make --output-sync is supported
configure:65899: result: yes
configure:65905: checking for make --output-sync value
configure:65983: result: none, default
configure:66092: checking if find supports -delete
configure:66113: result: yes
configure:66132: checking what type of tar was found
configure:66134: result: gnu
configure:66159: checking that grep (/usr/bin/grep) -Fx handles empty lines in the pattern list correctly
configure:66170: result: yes
configure:66200: checking for unzip
configure:66444: result: /usr/bin/unzip
configure:67091: checking for zip
configure:67335: result: /usr/bin/zip
configure:67982: checking for greadelf
configure:68233: result: [not found]
configure:67982: checking for readelf
configure:68226: result: /usr/bin/readelf
configure:68864: checking for dot
configure:69115: result: [not found]
configure:69746: checking for stat
configure:69990: result: /usr/bin/stat
configure:70628: checking for time
configure:70636: result: time [builtin]
configure:71510: checking for flock
configure:71754: result: /usr/bin/flock
configure:72394: checking for dtrace
configure:72645: result: [not found]
configure:73276: checking for gpatch
configure:73527: result: [not found]
configure:73276: checking for patch
configure:73520: result: /usr/bin/patch
configure:74152: checking if date is a GNU compatible version
configure:74156: result: yes
configure:78642: checking for ulimit
configure:78650: result: ulimit [builtin]
configure:79520: checking bash version
configure:79522: result: 5.2.21
configure:79532: checking if bash supports pipefail
configure:79536: result: yes
configure:79543: checking if bash supports errexit (-e)
configure:79547: result: yes
configure:79612: checking for pkg-config
configure:79635: found /usr/bin/pkg-config
configure:79647: result: /usr/bin/pkg-config
configure:79672: checking pkg-config is at least version 0.9.0
configure:79675: result: yes
configure:79728: checking for default LOG value
configure:79737: result: 
configure:80030: checking for JMOD compression type
configure:80108: result: zip-1, default
configure:80418: checking whether or not a JDK suitable for linking from the run-time image should be produced
configure:80456: result: disabled, default
configure:80718: checking if packaged modules are kept
configure:80750: result: enabled, default
configure:81072: checking for --with-extra-jlink-flags
configure:81133: result: <disabled>, default
configure:81532: checking for --with-build-user
configure:81610: result: runner, default
configure:81966: checking for --with-jdk-rc-name
configure:82044: result: OpenJDK Platform, default
configure:82409: checking for --with-vendor-name
configure:82487: result: N/A, default
configure:82845: checking for --with-jdk-rc-company-name
configure:82923: result: N/A, default
configure:83282: checking for --with-vendor-url
configure:83360: result: https://openjdk.org/, default
configure:83725: checking for --with-vendor-bug-url
configure:83803: result: https://bugreport.java.com/bugreport/, default
configure:84168: checking for --with-vendor-vm-bug-url
configure:84246: result: https://bugreport.java.com/bugreport/crash.jsp, default
configure:84606: checking for --with-version-string
configure:84681: result: <none>, default
configure:85206: checking for --with-version-feature
configure:85284: result: 27, default
configure:85984: checking for --with-version-date
configure:86062: result: 2026-09-15, default
configure:86421: checking for --with-vendor-version-string
configure:86482: result: <disabled>, default
configure:86855: checking for --with-macosx-bundle-name-base
configure:86933: result: OpenJDK, default
configure:87296: checking for --with-macosx-bundle-id-base
configure:87374: result: net.java.openjdk-internal, default
configure:87742: checking for --with-macosx-bundle-build-version
configure:87820: result: 0, default
configure:87912: checking for version string
configure:87914: result: 27-internal-adhoc.runner.jdk
configure:88538: Found potential Boot JDK using JAVA_HOME
configure:88804: Potential Boot JDK found at /usr/lib/jvm/temurin-17-jdk-amd64 is incorrect JDK version (openjdk version "17.0.18" 2026-01-20 OpenJDK Runtime Environment Temurin-17.0.18+8 (build 17.0.18+8) OpenJDK 64-Bit Server VM Temurin-17.0.18+8 (build 17.0.18+8, mixed mode, sharing)); ignoring
configure:88806: (Your Boot JDK version must be one of: 25 26 27)
configure:90040: checking for javac
configure:90284: result: /usr/bin/javac
configure:90931: checking for java
configure:91175: result: /usr/bin/java
configure:91864: Found potential Boot JDK using java(c) in PATH
configure:92130: Potential Boot JDK found at /usr/lib/jvm/temurin-17-jdk-amd64 is incorrect JDK version (openjdk version "17.0.18" 2026-01-20 OpenJDK Runtime Environment Temurin-17.0.18+8 (build 17.0.18+8) OpenJDK 64-Bit Server VM Temurin-17.0.18+8 (build 17.0.18+8, mixed mode, sharing)); ignoring
configure:92132: (Your Boot JDK version must be one of: 25 26 27)
configure:97779: Found potential Boot JDK using well-known locations (in /usr/lib/jvm/temurin-8-jdk-amd64)
configure:98044: Potential Boot JDK found at /usr/lib/jvm/temurin-8-jdk-amd64 is incorrect JDK version (openjdk version "1.8.0_482" OpenJDK Runtime Environment (Temurin)(build 1.8.0_482-b08) OpenJDK 64-Bit Server VM (Temurin)(build 25.482-b08, mixed mode)); ignoring
configure:98046: (Your Boot JDK version must be one of: 25 26 27)
configure:97779: Found potential Boot JDK using well-known locations (in /usr/lib/jvm/temurin-25-jdk-amd64)
configure:98126: checking for Boot JDK
configure:98128: result: /usr/lib/jvm/temurin-25-jdk-amd64
configure:98130: checking Boot JDK version
configure:98135: result: openjdk version "25.0.2" 2026-01-20 LTS OpenJDK Runtime Environment Temurin-25.0.2+10 (build 25.0.2+10-LTS) OpenJDK 64-Bit Server VM Temurin-25.0.2+10 (build 25.0.2+10-LTS, mixed mode, sharing)
configure:98929: checking for java [Boot JDK]
configure:98939: result: $BOOT_JDK/bin/java
configure:99735: checking for javac [Boot JDK]
configure:99745: result: $BOOT_JDK/bin/javac
configure:100541: checking for javadoc [Boot JDK]
configure:100551: result: $BOOT_JDK/bin/javadoc
configure:101347: checking for jar [Boot JDK]
configure:101357: result: $BOOT_JDK/bin/jar
configure:102152: checking if Boot JDK jar supports --date=TIMESTAMP
configure:102154: result: true
configure:102170: checking if Boot JDK is 32 or 64 bits
configure:102172: result: 64
configure:102374: checking for docs-reference JDK
configure:102595: result: no, using interim javadoc for the docs-reference targets
configure:102626: checking what source date to use
configure:102640: result: 1774527917, from 'current' (default)
configure:102933: checking if we should build headless-only (no GUI)
configure:102971: result: disabled, default
configure:103238: checking if linker should clean out unused code (linktime-gc)
configure:103276: result: disabled, default
configure:103326: checking for graphviz dot
configure:103332: result: no, cannot generate full docs or man pages
configure:103337: checking for pandoc
configure:103343: result: no, cannot generate full docs or man pages
configure:103550: checking for --enable-full-docs
configure:103588: result: disabled, from default 'auto'
configure:103644: checking for cacerts file
configure:103647: result: default
configure:103670: checking for cacerts source
configure:103673: result: default
configure:103877: checking for --enable-unlimited-crypto
configure:103909: result: enabled, default
configure:104022: checking for jni library path
configure:104025: result: default
configure:104297: Using default toolchain gcc (GNU Compiler Collection)
configure:107150: checking for gcc
configure:107394: result: /usr/bin/gcc
configure:108951: checking resolved symbolic links for CC
configure:109002: result: /usr/bin/x86_64-linux-gnu-gcc-13
configure:109108: Using gcc C compiler version 13.3.0 [gcc (Ubuntu 13.3.0-6ubuntu2~24.04.1) 13.3.0]
configure:109244: checking for C compiler version
configure:109253: /usr/bin/gcc --version >&5
gcc (Ubuntu 13.3.0-6ubuntu2~24.04.1) 13.3.0
Copyright (C) 2023 Free Software Foundation, Inc.
This is free software; see the source for copying conditions.  There is NO
warranty; not even for MERCHANTABILITY or FITNESS FOR A PARTICULAR PURPOSE.

configure:109264: $? = 0
configure:109253: /usr/bin/gcc -v >&5
Using built-in specs.
COLLECT_GCC=/usr/bin/gcc
COLLECT_LTO_WRAPPER=/usr/libexec/gcc/x86_64-linux-gnu/13/lto-wrapper
OFFLOAD_TARGET_NAMES=nvptx-none:amdgcn-amdhsa
OFFLOAD_TARGET_DEFAULT=1
Target: x86_64-linux-gnu
Configured with: ../src/configure -v --with-pkgversion='Ubuntu 13.3.0-6ubuntu2~24.04.1' --with-bugurl=file:///usr/share/doc/gcc-13/README.Bugs --enable-languages=c,ada,c++,go,d,fortran,objc,obj-c++,m2 --prefix=/usr --with-gcc-major-version-only --program-suffix=-13 --program-prefix=x86_64-linux-gnu- --enable-shared --enable-linker-build-id --libexecdir=/usr/libexec --without-included-gettext --enable-threads=posix --libdir=/usr/lib --enable-nls --enable-bootstrap --enable-clocale=gnu --enable-libstdcxx-debug --enable-libstdcxx-time=yes --with-default-libstdcxx-abi=new --enable-libstdcxx-backtrace --enable-gnu-unique-object --disable-vtable-verify --enable-plugin --enable-default-pie --with-system-zlib --enable-libphobos-checking=release --with-target-system-zlib=auto --enable-objc-gc=auto --enable-multiarch --disable-werror --enable-cet --with-arch-32=i686 --with-abi=m64 --with-multilib-list=m32,m64,mx32 --enable-multilib --with-tune=generic --enable-offload-targets=nvptx-none=/build/gcc-13-EldibY/gcc-13-13.3.0/debian/tmp-nvptx/usr,amdgcn-amdhsa=/build/gcc-13-EldibY/gcc-13-13.3.0/debian/tmp-gcn/usr --enable-offload-defaulted --without-cuda-driver --enable-checking=release --build=x86_64-linux-gnu --host=x86_64-linux-gnu --target=x86_64-linux-gnu --with-build-config=bootstrap-lto-lean --enable-link-serialization=2
Thread model: posix
Supported LTO compression algorithms: zlib zstd
gcc version 13.3.0 (Ubuntu 13.3.0-6ubuntu2~24.04.1) 
... rest of stderr output deleted ...
configure:109264: $? = 0
configure:109253: /usr/bin/gcc -V >&5
gcc: error: unrecognized command-line option ‘-V’
gcc: fatal error: no input files
compilation terminated.
configure:109264: $? = 1
configure:109253: /usr/bin/gcc -qversion >&5
gcc: error: unrecognized command-line option ‘-qversion’; did you mean ‘--version’?
gcc: fatal error: no input files
compilation terminated.
configure:109264: $? = 1
configure:109253: /usr/bin/gcc -version >&5
gcc: error: unrecognized command-line option ‘-version’
gcc: fatal error: no input files
compilation terminated.
configure:109264: $? = 1
configure:109284: checking whether the C compiler works
configure:109306: /usr/bin/gcc -m64    -m64   conftest.c  >&5
configure:109310: $? = 0
configure:109360: result: yes
configure:109363: checking for C compiler default output file name
configure:109365: result: a.out
configure:109371: checking for suffix of executables
configure:109378: /usr/bin/gcc -o conftest -m64    -m64   conftest.c  >&5
configure:109382: $? = 0
configure:109405: result: 
configure:109427: checking whether we are cross compiling
configure:109435: /usr/bin/gcc -o conftest -m64    -m64   conftest.c  >&5
configure:109439: $? = 0
configure:109446: ./conftest
configure:109450: $? = 0
configure:109465: result: no
configure:109471: checking for suffix of object files
configure:109494: /usr/bin/gcc -c -m64    conftest.c >&5
configure:109498: $? = 0
configure:109520: result: o
configure:109528: checking whether /usr/bin/gcc accepts -g
configure:109549: /usr/bin/gcc -c -g  conftest.c >&5
configure:109549: $? = 0
configure:109593: result: yes
configure:110552: checking for g++
configure:110796: result: /usr/bin/g++
configure:112353: checking resolved symbolic links for CXX
configure:112404: result: /usr/bin/x86_64-linux-gnu-g++-13
configure:112510: Using gcc C++ compiler version 13.3.0 [g++ (Ubuntu 13.3.0-6ubuntu2~24.04.1) 13.3.0]
configure:112641: checking for C++ compiler version
configure:112650: /usr/bin/g++ --version >&5
g++ (Ubuntu 13.3.0-6ubuntu2~24.04.1) 13.3.0
Copyright (C) 2023 Free Software Foundation, Inc.
This is free software; see the source for copying conditions.  There is NO
warranty; not even for MERCHANTABILITY or FITNESS FOR A PARTICULAR PURPOSE.

configure:112661: $? = 0
configure:112650: /usr/bin/g++ -v >&5
Using built-in specs.
COLLECT_GCC=/usr/bin/g++
COLLECT_LTO_WRAPPER=/usr/libexec/gcc/x86_64-linux-gnu/13/lto-wrapper
OFFLOAD_TARGET_NAMES=nvptx-none:amdgcn-amdhsa
OFFLOAD_TARGET_DEFAULT=1
Target: x86_64-linux-gnu
Configured with: ../src/configure -v --with-pkgversion='Ubuntu 13.3.0-6ubuntu2~24.04.1' --with-bugurl=file:///usr/share/doc/gcc-13/README.Bugs --enable-languages=c,ada,c++,go,d,fortran,objc,obj-c++,m2 --prefix=/usr --with-gcc-major-version-only --program-suffix=-13 --program-prefix=x86_64-linux-gnu- --enable-shared --enable-linker-build-id --libexecdir=/usr/libexec --without-included-gettext --enable-threads=posix --libdir=/usr/lib --enable-nls --enable-bootstrap --enable-clocale=gnu --enable-libstdcxx-debug --enable-libstdcxx-time=yes --with-default-libstdcxx-abi=new --enable-libstdcxx-backtrace --enable-gnu-unique-object --disable-vtable-verify --enable-plugin --enable-default-pie --with-system-zlib --enable-libphobos-checking=release --with-target-system-zlib=auto --enable-objc-gc=auto --enable-multiarch --disable-werror --enable-cet --with-arch-32=i686 --with-abi=m64 --with-multilib-list=m32,m64,mx32 --enable-multilib --with-tune=generic --enable-offload-targets=nvptx-none=/build/gcc-13-EldibY/gcc-13-13.3.0/debian/tmp-nvptx/usr,amdgcn-amdhsa=/build/gcc-13-EldibY/gcc-13-13.3.0/debian/tmp-gcn/usr --enable-offload-defaulted --without-cuda-driver --enable-checking=release --build=x86_64-linux-gnu --host=x86_64-linux-gnu --target=x86_64-linux-gnu --with-build-config=bootstrap-lto-lean --enable-link-serialization=2
Thread model: posix
Supported LTO compression algorithms: zlib zstd
gcc version 13.3.0 (Ubuntu 13.3.0-6ubuntu2~24.04.1) 
... rest of stderr output deleted ...
configure:112661: $? = 0
configure:112650: /usr/bin/g++ -V >&5
g++: error: unrecognized command-line option ‘-V’
g++: fatal error: no input files
compilation terminated.
configure:112661: $? = 1
configure:112650: /usr/bin/g++ -qversion >&5
g++: error: unrecognized command-line option ‘-qversion’; did you mean ‘--version’?
g++: fatal error: no input files
compilation terminated.
configure:112661: $? = 1
configure:112670: checking whether /usr/bin/g++ accepts -g
configure:112691: /usr/bin/g++ -c -g  conftest.cpp >&5
configure:112691: $? = 0
configure:112735: result: yes
configure:112894: checking how to run the C preprocessor
configure:112920: /usr/bin/gcc -E  conftest.c
configure:112920: $? = 0
configure:112935: /usr/bin/gcc -E  conftest.c
conftest.c:9:10: fatal error: ac_nonexistent.h: No such file or directory
    9 | #include <ac_nonexistent.h>
      |          ^~~~~~~~~~~~~~~~~~
compilation terminated.
configure:112935: $? = 1
configure: failed program was:
| /* confdefs.h */
| #define PACKAGE_NAME "OpenJDK"
| #define PACKAGE_TARNAME "openjdk"
| #define PACKAGE_VERSION "openjdk"
| #define PACKAGE_STRING "OpenJDK openjdk"
| #define PACKAGE_BUGREPORT "build-dev@openjdk.org"
| #define PACKAGE_URL "https://openjdk.org"
| /* end confdefs.h.  */
| #include <ac_nonexistent.h>
configure:112962: result: /usr/bin/gcc -E
configure:112976: /usr/bin/gcc -E  conftest.c
configure:112976: $? = 0
configure:112991: /usr/bin/gcc -E  conftest.c
conftest.c:9:10: fatal error: ac_nonexistent.h: No such file or directory
    9 | #include <ac_nonexistent.h>
      |          ^~~~~~~~~~~~~~~~~~
compilation terminated.
configure:112991: $? = 1
configure: failed program was:
| /* confdefs.h */
| #define PACKAGE_NAME "OpenJDK"
| #define PACKAGE_TARNAME "openjdk"
| #define PACKAGE_VERSION "openjdk"
| #define PACKAGE_STRING "OpenJDK openjdk"
| #define PACKAGE_BUGREPORT "build-dev@openjdk.org"
| #define PACKAGE_URL "https://openjdk.org"
| /* end confdefs.h.  */
| #include <ac_nonexistent.h>
configure:113236: checking how to run the C++ preprocessor
configure:113258: /usr/bin/g++ -E  conftest.cpp
configure:113258: $? = 0
configure:113273: /usr/bin/g++ -E  conftest.cpp
conftest.cpp:9:10: fatal error: ac_nonexistent.h: No such file or directory
    9 | #include <ac_nonexistent.h>
      |          ^~~~~~~~~~~~~~~~~~
compilation terminated.
configure:113273: $? = 1
configure: failed program was:
| /* confdefs.h */
| #define PACKAGE_NAME "OpenJDK"
| #define PACKAGE_TARNAME "openjdk"
| #define PACKAGE_VERSION "openjdk"
| #define PACKAGE_STRING "OpenJDK openjdk"
| #define PACKAGE_BUGREPORT "build-dev@openjdk.org"
| #define PACKAGE_URL "https://openjdk.org"
| /* end confdefs.h.  */
| #include <ac_nonexistent.h>
configure:113300: result: /usr/bin/g++ -E
configure:113314: /usr/bin/g++ -E  conftest.cpp
configure:113314: $? = 0
configure:113329: /usr/bin/g++ -E  conftest.cpp
conftest.cpp:9:10: fatal error: ac_nonexistent.h: No such file or directory
    9 | #include <ac_nonexistent.h>
      |          ^~~~~~~~~~~~~~~~~~
compilation terminated.
configure:113329: $? = 1
configure: failed program was:
| /* confdefs.h */
| #define PACKAGE_NAME "OpenJDK"
| #define PACKAGE_TARNAME "openjdk"
| #define PACKAGE_VERSION "openjdk"
| #define PACKAGE_STRING "OpenJDK openjdk"
| #define PACKAGE_BUGREPORT "build-dev@openjdk.org"
| #define PACKAGE_URL "https://openjdk.org"
| /* end confdefs.h.  */
| #include <ac_nonexistent.h>
configure:115431: Using gcc linker version 2.42 [GNU ld (GNU Binutils for Ubuntu) 2.42]
configure:115449: comparing linker version to minimum version 2.25
configure:122667: checking for ar
configure:122911: result: /usr/bin/ar
configure:137766: checking for strip
configure:138010: result: /usr/bin/strip
configure:139537: checking for nm
configure:139781: result: /usr/bin/nm
configure:143084: checking for gobjcopy
configure:143335: result: [not found]
configure:143084: checking for objcopy
configure:143328: result: /usr/bin/objcopy
configure:144856: checking for gobjdump
configure:145107: result: [not found]
configure:144856: checking for objdump
configure:145100: result: /usr/bin/objdump
configure:148409: checking for c++filt
configure:148653: result: /usr/bin/c++filt
configure:166717: checking for jtreg
configure:166968: result: [not found]
configure:167597: checking for jtreg test harness
configure:167603: result: no, not found
configure:167697: checking for jtreg jdk
configure:167791: result: no, using BOOT_JDK
configure:167908: checking for jmh (Java Microbenchmark Harness)
configure:167911: result: no, disabled
configure:168050: checking for jib
configure:168052: result: no
configure:168090: checking for tidy
configure:168341: result: [not found]
configure:168992: checking for stdio.h
configure:168992: /usr/bin/gcc -c -m64    conftest.c >&5
configure:168992: $? = 0
configure:168992: result: yes
configure:168992: checking for stdlib.h
configure:168992: /usr/bin/gcc -c -m64    conftest.c >&5
configure:168992: $? = 0
configure:168992: result: yes
configure:168992: checking for string.h
configure:168992: /usr/bin/gcc -c -m64    conftest.c >&5
configure:168992: $? = 0
configure:168992: result: yes
configure:168992: checking for inttypes.h
configure:168992: /usr/bin/gcc -c -m64    conftest.c >&5
configure:168992: $? = 0
configure:168992: result: yes
configure:168992: checking for stdint.h
configure:168992: /usr/bin/gcc -c -m64    conftest.c >&5
configure:168992: $? = 0
configure:168992: result: yes
configure:168992: checking for strings.h
configure:168992: /usr/bin/gcc -c -m64    conftest.c >&5
configure:168992: $? = 0
configure:168992: result: yes
configure:168992: checking for sys/stat.h
configure:168992: /usr/bin/gcc -c -m64    conftest.c >&5
configure:168992: $? = 0
configure:168992: result: yes
configure:168992: checking for sys/types.h
configure:168992: /usr/bin/gcc -c -m64    conftest.c >&5
configure:168992: $? = 0
configure:168992: result: yes
configure:168992: checking for unistd.h
configure:168992: /usr/bin/gcc -c -m64    conftest.c >&5
configure:168992: $? = 0
configure:168992: result: yes
configure:169028: checking for stdio.h
configure:169028: result: yes
configure:169092: checking size of int *
configure:169098: /usr/bin/gcc -o conftest -m64    -m64   conftest.c  >&5
configure:169098: $? = 0
configure:169098: ./conftest
configure:169098: $? = 0
configure:169113: result: 8
configure:169182: checking for target address size
configure:169184: result: 64 bits
configure:169192: checking whether byte ordering is bigendian
configure:169208: /usr/bin/gcc -c -m64    conftest.c >&5
conftest.c:22:16: error: unknown type name ‘not’
   22 |                not a universal capable compiler
      |                ^~~
conftest.c:22:22: error: expected ‘=’, ‘,’, ‘;’, ‘asm’ or ‘__attribute__’ before ‘universal’
   22 |                not a universal capable compiler
      |                      ^~~~~~~~~
conftest.c:22:22: error: unknown type name ‘universal’
configure:169208: $? = 1
configure: failed program was:
| /* confdefs.h */
| #define PACKAGE_NAME "OpenJDK"
| #define PACKAGE_TARNAME "openjdk"
| #define PACKAGE_VERSION "openjdk"
| #define PACKAGE_STRING "OpenJDK openjdk"
| #define PACKAGE_BUGREPORT "build-dev@openjdk.org"
| #define PACKAGE_URL "https://openjdk.org"
| #define HAVE_STDIO_H 1
| #define HAVE_STDLIB_H 1
| #define HAVE_STRING_H 1
| #define HAVE_INTTYPES_H 1
| #define HAVE_STDINT_H 1
| #define HAVE_STRINGS_H 1
| #define HAVE_SYS_STAT_H 1
| #define HAVE_SYS_TYPES_H 1
| #define HAVE_UNISTD_H 1
| #define STDC_HEADERS 1
| #define HAVE_STDIO_H 1
| #define SIZEOF_INT_P 8
| /* end confdefs.h.  */
| #ifndef __APPLE_CC__
| 	       not a universal capable compiler
| 	     #endif
| 	     typedef int dummy;
| 
configure:169254: /usr/bin/gcc -c -m64    conftest.c >&5
configure:169254: $? = 0
configure:169273: /usr/bin/gcc -c -m64    conftest.c >&5
conftest.c: In function ‘main’:
conftest.c:28:18: error: unknown type name ‘not’; did you mean ‘ino_t’?
   28 |                  not big endian
      |                  ^~~
      |                  ino_t
conftest.c:28:26: error: expected ‘=’, ‘,’, ‘;’, ‘asm’ or ‘__attribute__’ before ‘endian’
   28 |                  not big endian
      |                          ^~~~~~
configure:169273: $? = 1
configure: failed program was:
| /* confdefs.h */
| #define PACKAGE_NAME "OpenJDK"
| #define PACKAGE_TARNAME "openjdk"
| #define PACKAGE_VERSION "openjdk"
| #define PACKAGE_STRING "OpenJDK openjdk"
| #define PACKAGE_BUGREPORT "build-dev@openjdk.org"
| #define PACKAGE_URL "https://openjdk.org"
| #define HAVE_STDIO_H 1
| #define HAVE_STDLIB_H 1
| #define HAVE_STRING_H 1
| #define HAVE_INTTYPES_H 1
| #define HAVE_STDINT_H 1
| #define HAVE_STRINGS_H 1
| #define HAVE_SYS_STAT_H 1
| #define HAVE_SYS_TYPES_H 1
| #define HAVE_UNISTD_H 1
| #define STDC_HEADERS 1
| #define HAVE_STDIO_H 1
| #define SIZEOF_INT_P 8
| /* end confdefs.h.  */
| #include <sys/types.h>
| 		#include <sys/param.h>
| 
| int
| main (void)
| {
| #if BYTE_ORDER != BIG_ENDIAN
| 		 not big endian
| 		#endif
| 
|   ;
|   return 0;
| }
configure:169407: result: no
configure:169978: checking for --enable-branch-protection
configure:170016: result: disabled, default
configure:170535: checking for --with-native-debug-symbols-level
configure:170612: result: <none>, default (calculated from 'auto')
configure:172015: checking for --enable-warnings-as-errors
configure:172053: result: disabled, from command line
configure:172474: checking if CC supports "-ftrivial-auto-var-init=pattern"
configure:172492: /usr/bin/gcc -c -m64   -Werror -ftrivial-auto-var-init=pattern  conftest.c >&5
configure:172492: $? = 0
configure:172508: result: yes
configure:172601: checking if CXX supports "-ftrivial-auto-var-init=pattern"
configure:172619: /usr/bin/g++ -c  -Werror -ftrivial-auto-var-init=pattern  conftest.cpp >&5
configure:172619: $? = 0
configure:172635: result: yes
configure:172659: checking if both CC and CXX support "-ftrivial-auto-var-init=pattern"
configure:172666: result: yes
configure:172894: checking if TARGET is x86
configure:172913: result: no
configure:174640: checking if CC supports "-ffp-contract=off"
configure:174658: /usr/bin/gcc -c -m64   -Werror -ffp-contract=off  conftest.c >&5
configure:174658: $? = 0
configure:174674: result: yes
configure:174767: checking if CXX supports "-ffp-contract=off"
configure:174785: /usr/bin/g++ -c  -Werror -ffp-contract=off  conftest.cpp >&5
configure:174785: $? = 0
configure:174801: result: yes
configure:174825: checking if both CC and CXX support "-ffp-contract=off"
configure:174832: result: yes
configure:174906: checking if BUILD is x86
configure:174925: result: no
configure:176652: checking if BUILD_CC supports "-ffp-contract=off"
configure:176670: /usr/bin/gcc -c  -Werror -ffp-contract=off  conftest.c >&5
configure:176670: $? = 0
configure:176686: result: yes
configure:176779: checking if BUILD_CXX supports "-ffp-contract=off"
configure:176797: /usr/bin/g++ -c  -Werror -ffp-contract=off  conftest.cpp >&5
configure:176797: $? = 0
configure:176813: result: yes
configure:176837: checking if both BUILD_CC and BUILD_CXX support "-ffp-contract=off"
configure:176844: result: yes
configure:179027: checking how to run strip
GNU strip (GNU Binutils for Ubuntu) 2.42
Copyright (C) 2024 Free Software Foundation, Inc.
This program is free software; you may redistribute it under the terms of
the GNU General Public License version 3 or (at your option) any later version.
This program has absolutely no warranty.
configure:179051: result: --strip-debug
configure:179323: checking for --enable-aarch64-sve
configure:179361: result: disabled, from default 'auto'
configure:179826: checking what type of native debug symbols to use
configure:179845: result: external
configure:179891: checking if we should add external native debug symbols to the shipped bundles
configure:179927: result: full (default)
configure:180140: checking if native coverage is available
configure:180144: result: yes
configure:180154: checking for --enable-native-coverage
configure:180192: result: disabled, default
configure:180718: checking for --with-jcov-modules
configure:180779: result: <disabled>, default
configure:181085: checking if AddressSanitizer (asan) is available
configure:181090: result: yes
configure:181100: checking for --enable-asan
configure:181138: result: disabled, default
configure:181489: checking for --with-additional-ubsan-checks
configure:181550: result: <disabled>, default
configure:181870: checking if UndefinedBehaviorSanitizer (ubsan) is available
configure:181874: result: yes
configure:181884: checking for --enable-ubsan
configure:181922: result: disabled, default
configure:182188: checking if LeakSanitizer (lsan) is available
configure:182192: result: yes
configure:182202: checking for --enable-lsan
configure:182240: result: disabled, default
configure:182502: checking if static analyzer is available
configure:182505: result: yes
configure:182515: checking for --enable-static-analyzer
configure:182553: result: disabled, default
configure:182810: checking if fallback linker enabled
configure:182848: result: disabled, default
configure:182972: checking if static link of stdc++ is possible
configure:182994: /usr/bin/g++ -o conftest -m64    -m64   conftest.cpp -static-libstdc++ -static-libgcc >&5
configure:182994: $? = 0
configure:183009: result: yes
configure:183018: checking how to link with libstdc++
configure:183030: result: static
configure:184694: checking for ALSA
configure:184701: $PKG_CONFIG --exists --print-errors "alsa"
configure:184704: $? = 0
configure:184717: $PKG_CONFIG --exists --print-errors "alsa"
configure:184720: $? = 0
configure:184755: result: yes
configure:184855: checking for which libjpeg to use
configure:184863: result: bundled
configure:185031: checking for which giflib to use
configure:185039: result: bundled
configure:185142: checking for PNG
configure:185149: $PKG_CONFIG --exists --print-errors "libpng"
configure:185152: $? = 0
configure:185165: $PKG_CONFIG --exists --print-errors "libpng"
configure:185168: $? = 0
configure:185203: result: yes
configure:185207: checking for which libpng to use
configure:185221: result: bundled
configure:185251: checking for compress in -lz
configure:185274: /usr/bin/gcc -o conftest -m64    -m64   conftest.c -lz   >&5
configure:185274: $? = 0
configure:185284: result: yes
configure:185294: checking for which zlib to use
configure:185322: result: system
configure:185328: checking for system zlib functionality
configure:185345: /usr/bin/gcc -c -m64    conftest.c >&5
configure:185345: $? = 0
configure:185347: result: ok
configure:185392: checking for which lcms to use
configure:185405: result: bundled
configure:185500: checking for which harfbuzz to use
configure:185513: result: bundled
configure:185688: checking for cups headers
configure:185693: result: yes
configure:185827: checking for fontconfig headers
configure:185832: result: yes
configure:186602: result: Using freetype: bundled
configure:186807: checking for --enable-hsdis-bundling
configure:186845: result: disabled, default
configure:186892: checking what hsdis backend to use
configure:186899: result: 'none', hsdis will not be built
configure:189543: checking if hsdis should be bundled
configure:189558: result: no
configure:189753: checking for --enable-libffi-bundling
configure:189791: result: disabled, default
configure:190241: checking for cos in -lm
configure:190264: /usr/bin/gcc -o conftest -m64    -m64   conftest.c -lm   >&5
conftest.c:25:6: warning: conflicting types for built-in function ‘cos’; expected ‘double(double)’ [-Wbuiltin-declaration-mismatch]
   25 | char cos ();
      |      ^~~
conftest.c:1:1: note: ‘cos’ is declared in header ‘<math.h>’
    1 | /* confdefs.h */
configure:190264: $? = 0
configure:190274: result: yes
configure:190298: checking for dlopen in -ldl
configure:190321: /usr/bin/gcc -o conftest -m64    -m64   conftest.c -ldl   >&5
configure:190321: $? = 0
configure:190331: result: yes
configure:190426: checking for X
configure:190464: /usr/bin/gcc -o conftest -m64    -m64   conftest.c -lX11 -lm  >&5
conftest.c:23:10: fatal error: X11/Xlib.h: No such file or directory
   23 | #include <X11/Xlib.h>
      |          ^~~~~~~~~~~~
compilation terminated.
configure:190464: $? = 1
configure: failed program was:
| /* confdefs.h */
| #define PACKAGE_NAME "OpenJDK"
| #define PACKAGE_TARNAME "openjdk"
| #define PACKAGE_VERSION "openjdk"
| #define PACKAGE_STRING "OpenJDK openjdk"
| #define PACKAGE_BUGREPORT "build-dev@openjdk.org"
| #define PACKAGE_URL "https://openjdk.org"
| #define HAVE_STDIO_H 1
| #define HAVE_STDLIB_H 1
| #define HAVE_STRING_H 1
| #define HAVE_INTTYPES_H 1
| #define HAVE_STDINT_H 1
| #define HAVE_STRINGS_H 1
| #define HAVE_SYS_STAT_H 1
| #define HAVE_SYS_TYPES_H 1
| #define HAVE_UNISTD_H 1
| #define STDC_HEADERS 1
| #define HAVE_STDIO_H 1
| #define SIZEOF_INT_P 8
| #define HAVE_LIBM 1
| #define HAVE_LIBDL 1
| /* end confdefs.h.  */
| #include <X11/Xlib.h>
| int
| main (void)
| {
| XrmInitialize ()
|   ;
|   return 0;
| }
configure:190566: /usr/bin/gcc -E  conftest.c
conftest.c:23:10: fatal error: X11/Xlib.h: No such file or directory
   23 | #include <X11/Xlib.h>
      |          ^~~~~~~~~~~~
compilation terminated.
configure:190566: $? = 1
configure: failed program was:
| /* confdefs.h */
| #define PACKAGE_NAME "OpenJDK"
| #define PACKAGE_TARNAME "openjdk"
| #define PACKAGE_VERSION "openjdk"
| #define PACKAGE_STRING "OpenJDK openjdk"
| #define PACKAGE_BUGREPORT "build-dev@openjdk.org"
| #define PACKAGE_URL "https://openjdk.org"
| #define HAVE_STDIO_H 1
| #define HAVE_STDLIB_H 1
| #define HAVE_STRING_H 1
| #define HAVE_INTTYPES_H 1
| #define HAVE_STDINT_H 1
| #define HAVE_STRINGS_H 1
| #define HAVE_SYS_STAT_H 1
| #define HAVE_SYS_TYPES_H 1
| #define HAVE_UNISTD_H 1
| #define STDC_HEADERS 1
| #define HAVE_STDIO_H 1
| #define SIZEOF_INT_P 8
| #define HAVE_LIBM 1
| #define HAVE_LIBDL 1
| /* end confdefs.h.  */
| #include <X11/Xlib.h>
configure:190598: /usr/bin/gcc -o conftest -m64    -m64   conftest.c -lX11 -lm  >&5
conftest.c:23:10: fatal error: X11/Xlib.h: No such file or directory
   23 | #include <X11/Xlib.h>
      |          ^~~~~~~~~~~~
compilation terminated.
configure:190598: $? = 1
configure: failed program was:
| /* confdefs.h */
| #define PACKAGE_NAME "OpenJDK"
| #define PACKAGE_TARNAME "openjdk"
| #define PACKAGE_VERSION "openjdk"
| #define PACKAGE_STRING "OpenJDK openjdk"
| #define PACKAGE_BUGREPORT "build-dev@openjdk.org"
| #define PACKAGE_URL "https://openjdk.org"
| #define HAVE_STDIO_H 1
| #define HAVE_STDLIB_H 1
| #define HAVE_STRING_H 1
| #define HAVE_INTTYPES_H 1
| #define HAVE_STDINT_H 1
| #define HAVE_STRINGS_H 1
| #define HAVE_SYS_STAT_H 1
| #define HAVE_SYS_TYPES_H 1
| #define HAVE_UNISTD_H 1
| #define STDC_HEADERS 1
| #define HAVE_STDIO_H 1
| #define SIZEOF_INT_P 8
| #define HAVE_LIBM 1
| #define HAVE_LIBDL 1
| /* end confdefs.h.  */
| #include <X11/Xlib.h>
| int
| main (void)
| {
| XrmInitialize ()
|   ;
|   return 0;
| }
configure:190640: result: no
configure:191195: error: Could not find X11 libraries. You might be able to fix this by running 'sudo apt-get install libx11-dev libxext-dev libxrender-dev libxrandr-dev libxtst-dev libxt-dev'.

## ---------------- ##
## Cache variables. ##
## ---------------- ##

ac_cv_build=x86_64-pc-linux-gnu
ac_cv_c_bigendian=no
ac_cv_env_ALSA_CFLAGS_set=
ac_cv_env_ALSA_CFLAGS_value=
ac_cv_env_ALSA_LIBS_set=
ac_cv_env_ALSA_LIBS_value=
ac_cv_env_AR_set=
ac_cv_env_AR_value=
ac_cv_env_AS_set=
ac_cv_env_AS_value=
ac_cv_env_AWK_set=
ac_cv_env_AWK_value=
ac_cv_env_BASH_set=set
ac_cv_env_BASH_value=/usr/bin/bash
ac_cv_env_BUILD_AR_set=
ac_cv_env_BUILD_AR_value=
ac_cv_env_BUILD_AS_set=
ac_cv_env_BUILD_AS_value=
ac_cv_env_BUILD_CC_set=
ac_cv_env_BUILD_CC_value=
ac_cv_env_BUILD_CXX_set=
ac_cv_env_BUILD_CXX_value=
ac_cv_env_BUILD_LD_set=
ac_cv_env_BUILD_LD_value=
ac_cv_env_BUILD_NM_set=
ac_cv_env_BUILD_NM_value=
ac_cv_env_BUILD_OBJCOPY_set=
ac_cv_env_BUILD_OBJCOPY_value=
ac_cv_env_BUILD_STRIP_set=
ac_cv_env_BUILD_STRIP_value=
ac_cv_env_CAPSTONE_CFLAGS_set=
ac_cv_env_CAPSTONE_CFLAGS_value=
ac_cv_env_CAPSTONE_LIBS_set=
ac_cv_env_CAPSTONE_LIBS_value=
ac_cv_env_CAT_set=
ac_cv_env_CAT_value=
ac_cv_env_CCACHE_set=
ac_cv_env_CCACHE_value=
ac_cv_env_CC_set=
ac_cv_env_CC_value=
ac_cv_env_CFLAGS_set=
ac_cv_env_CFLAGS_value=
ac_cv_env_CHECK_GMAKE_set=
ac_cv_env_CHECK_GMAKE_value=
ac_cv_env_CHECK_MAKE_set=
ac_cv_env_CHECK_MAKE_value=
ac_cv_env_CHMOD_set=
ac_cv_env_CHMOD_value=
ac_cv_env_CMAKE_set=
ac_cv_env_CMAKE_value=
ac_cv_env_CMD_set=
ac_cv_env_CMD_value=
ac_cv_env_CMP_set=
ac_cv_env_CMP_value=
ac_cv_env_CODESIGN_set=
ac_cv_env_CODESIGN_value=
ac_cv_env_CPPFLAGS_set=
ac_cv_env_CPPFLAGS_value=
ac_cv_env_CPP_set=
ac_cv_env_CPP_value=
ac_cv_env_CP_set=
ac_cv_env_CP_value=
ac_cv_env_CUT_set=
ac_cv_env_CUT_value=
ac_cv_env_CXXCPP_set=
ac_cv_env_CXXCPP_value=
ac_cv_env_CXXFILT_set=
ac_cv_env_CXXFILT_value=
ac_cv_env_CXXFLAGS_set=
ac_cv_env_CXXFLAGS_value=
ac_cv_env_CXX_set=
ac_cv_env_CXX_value=
ac_cv_env_DATE_set=
ac_cv_env_DATE_value=
ac_cv_env_DF_set=
ac_cv_env_DF_value=
ac_cv_env_DIFF_set=
ac_cv_env_DIFF_value=
ac_cv_env_DOT_set=
ac_cv_env_DOT_value=
ac_cv_env_DSYMUTIL_set=
ac_cv_env_DSYMUTIL_value=
ac_cv_env_DTRACE_set=
ac_cv_env_DTRACE_value=
ac_cv_env_DUMPBIN_set=
ac_cv_env_DUMPBIN_value=
ac_cv_env_ECHO_set=
ac_cv_env_ECHO_value=
ac_cv_env_EGREP_set=
ac_cv_env_EGREP_value=
ac_cv_env_EXPR_set=
ac_cv_env_EXPR_value=
ac_cv_env_FGREP_set=
ac_cv_env_FGREP_value=
ac_cv_env_FIND_set=
ac_cv_env_FIND_value=
ac_cv_env_FLOCK_set=
ac_cv_env_FLOCK_value=
ac_cv_env_FREETYPE_CFLAGS_set=
ac_cv_env_FREETYPE_CFLAGS_value=
ac_cv_env_FREETYPE_LIBS_set=
ac_cv_env_FREETYPE_LIBS_value=
ac_cv_env_GIT_set=
ac_cv_env_GIT_value=
ac_cv_env_GREP_set=
ac_cv_env_GREP_value=
ac_cv_env_GUNZIP_set=
ac_cv_env_GUNZIP_value=
ac_cv_env_GZIP_set=
ac_cv_env_GZIP_value=
ac_cv_env_HARFBUZZ_CFLAGS_set=
ac_cv_env_HARFBUZZ_CFLAGS_value=
ac_cv_env_HARFBUZZ_LIBS_set=
ac_cv_env_HARFBUZZ_LIBS_value=
ac_cv_env_HEAD_set=
ac_cv_env_HEAD_value=
ac_cv_env_ICECC_CMD_set=
ac_cv_env_ICECC_CMD_value=
ac_cv_env_ICECC_CREATE_ENV_set=
ac_cv_env_ICECC_CREATE_ENV_value=
ac_cv_env_ICECC_WRAPPER_set=
ac_cv_env_ICECC_WRAPPER_value=
ac_cv_env_INSTALL_NAME_TOOL_set=
ac_cv_env_INSTALL_NAME_TOOL_value=
ac_cv_env_JAR_set=
ac_cv_env_JAR_value=
ac_cv_env_JAVAC_CHECK_set=
ac_cv_env_JAVAC_CHECK_value=
ac_cv_env_JAVAC_set=
ac_cv_env_JAVAC_value=
ac_cv_env_JAVADOC_set=
ac_cv_env_JAVADOC_value=
ac_cv_env_JAVA_CHECK_set=
ac_cv_env_JAVA_CHECK_value=
ac_cv_env_JAVA_set=
ac_cv_env_JAVA_value=
ac_cv_env_JTREGEXE_set=
ac_cv_env_JTREGEXE_value=
ac_cv_env_LCMS_CFLAGS_set=
ac_cv_env_LCMS_CFLAGS_value=
ac_cv_env_LCMS_LIBS_set=
ac_cv_env_LCMS_LIBS_value=
ac_cv_env_LDFLAGS_set=
ac_cv_env_LDFLAGS_value=
ac_cv_env_LD_set=
ac_cv_env_LD_value=
ac_cv_env_LIBFFI_CFLAGS_set=
ac_cv_env_LIBFFI_CFLAGS_value=
ac_cv_env_LIBFFI_LIBS_set=
ac_cv_env_LIBFFI_LIBS_value=
ac_cv_env_LIBJPEG_CFLAGS_set=
ac_cv_env_LIBJPEG_CFLAGS_value=
ac_cv_env_LIBJPEG_LIBS_set=
ac_cv_env_LIBJPEG_LIBS_value=
ac_cv_env_LIBS_set=
ac_cv_env_LIBS_value=
ac_cv_env_LIB_set=
ac_cv_env_LIB_value=
ac_cv_env_LIPO_set=
ac_cv_env_LIPO_value=
ac_cv_env_LLD_set=
ac_cv_env_LLD_value=
ac_cv_env_LLVM_CONFIG_set=
ac_cv_env_LLVM_CONFIG_value=
ac_cv_env_LN_set=
ac_cv_env_LN_value=
ac_cv_env_LOCALE_set=
ac_cv_env_LOCALE_value=
ac_cv_env_LSB_RELEASE_set=
ac_cv_env_LSB_RELEASE_value=
ac_cv_env_LS_set=
ac_cv_env_LS_value=
ac_cv_env_MAKE_set=
ac_cv_env_MAKE_value=
ac_cv_env_METALLIB_set=
ac_cv_env_METALLIB_value=
ac_cv_env_METAL_set=
ac_cv_env_METAL_value=
ac_cv_env_MIG_set=
ac_cv_env_MIG_value=
ac_cv_env_MKDIR_set=
ac_cv_env_MKDIR_value=
ac_cv_env_MKTEMP_set=
ac_cv_env_MKTEMP_value=
ac_cv_env_MT_set=
ac_cv_env_MT_value=
ac_cv_env_MV_set=
ac_cv_env_MV_value=
ac_cv_env_NICE_set=
ac_cv_env_NICE_value=
ac_cv_env_NM_set=
ac_cv_env_NM_value=
ac_cv_env_OBJCOPY_set=
ac_cv_env_OBJCOPY_value=
ac_cv_env_OBJDUMP_set=
ac_cv_env_OBJDUMP_value=
ac_cv_env_OTOOL_set=
ac_cv_env_OTOOL_value=
ac_cv_env_PANDOC_set=
ac_cv_env_PANDOC_value=
ac_cv_env_PATCH_set=
ac_cv_env_PATCH_value=
ac_cv_env_PATHTOOL_set=
ac_cv_env_PATHTOOL_value=
ac_cv_env_PKGHANDLER_set=
ac_cv_env_PKGHANDLER_value=
ac_cv_env_PKG_CONFIG_set=
ac_cv_env_PKG_CONFIG_value=
ac_cv_env_PNG_CFLAGS_set=
ac_cv_env_PNG_CFLAGS_value=
ac_cv_env_PNG_LIBS_set=
ac_cv_env_PNG_LIBS_value=
ac_cv_env_POTENTIAL_CC_set=
ac_cv_env_POTENTIAL_CC_value=
ac_cv_env_POTENTIAL_CXX_set=
ac_cv_env_POTENTIAL_CXX_value=
ac_cv_env_PRINTF_set=
ac_cv_env_PRINTF_value=
ac_cv_env_RC_set=
ac_cv_env_RC_value=
ac_cv_env_READELF_set=
ac_cv_env_READELF_value=
ac_cv_env_READLINK_set=
ac_cv_env_READLINK_value=
ac_cv_env_RMDIR_set=
ac_cv_env_RMDIR_value=
ac_cv_env_RM_set=
ac_cv_env_RM_value=
ac_cv_env_SED_set=
ac_cv_env_SED_value=
ac_cv_env_SETFILE_set=
ac_cv_env_SETFILE_value=
ac_cv_env_SH_set=
ac_cv_env_SH_value=
ac_cv_env_SORT_set=
ac_cv_env_SORT_value=
ac_cv_env_STAT_set=
ac_cv_env_STAT_value=
ac_cv_env_STRIP_set=
ac_cv_env_STRIP_value=
ac_cv_env_TAIL_set=
ac_cv_env_TAIL_value=
ac_cv_env_TAR_set=
ac_cv_env_TAR_value=
ac_cv_env_TEE_set=
ac_cv_env_TEE_value=
ac_cv_env_TIDY_set=
ac_cv_env_TIDY_value=
ac_cv_env_TIME_set=
ac_cv_env_TIME_value=
ac_cv_env_TOUCH_set=
ac_cv_env_TOUCH_value=
ac_cv_env_TR_set=
ac_cv_env_TR_value=
ac_cv_env_ULIMIT_set=
ac_cv_env_ULIMIT_value=
ac_cv_env_UNAME_set=
ac_cv_env_UNAME_value=
ac_cv_env_UNIQ_set=
ac_cv_env_UNIQ_value=
ac_cv_env_UNZIP_set=
ac_cv_env_UNZIP_value=
ac_cv_env_WC_set=
ac_cv_env_WC_value=
ac_cv_env_WHOAMI_set=
ac_cv_env_WHOAMI_value=
ac_cv_env_XARGS_set=
ac_cv_env_XARGS_value=
ac_cv_env_XATTR_set=
ac_cv_env_XATTR_value=
ac_cv_env_XCODEBUILD_set=
ac_cv_env_XCODEBUILD_value=
ac_cv_env_XCRUN_set=
ac_cv_env_XCRUN_value=
ac_cv_env_XMKMF_set=
ac_cv_env_XMKMF_value=
ac_cv_env_ZIPEXE_set=
ac_cv_env_ZIPEXE_value=
ac_cv_env_build_alias_set=
ac_cv_env_build_alias_value=
ac_cv_env_host_alias_set=
ac_cv_env_host_alias_value=
ac_cv_env_target_alias_set=
ac_cv_env_target_alias_value=
ac_cv_have_x=have_x=no
ac_cv_header_inttypes_h=yes
ac_cv_header_stdint_h=yes
ac_cv_header_stdio_h=yes
ac_cv_header_stdlib_h=yes
ac_cv_header_string_h=yes
ac_cv_header_strings_h=yes
ac_cv_header_sys_stat_h=yes
ac_cv_header_sys_types_h=yes
ac_cv_header_unistd_h=yes
ac_cv_host=x86_64-pc-linux-gnu
ac_cv_lib_dl_dlopen=yes
ac_cv_lib_m_cos=yes
ac_cv_lib_z_compress=yes
ac_cv_objext=o
ac_cv_path_BASENAME=/usr/bin/basename
ac_cv_path_DIRNAME=/usr/bin/dirname
ac_cv_path_EGREP='/usr/bin/grep -E'
ac_cv_path_FGREP='/usr/bin/grep -F'
ac_cv_path_FILE=/usr/bin/file
ac_cv_path_GREP=/usr/bin/grep
ac_cv_path_LDD=/usr/bin/ldd
ac_cv_path_SED=/usr/bin/sed
ac_cv_path_ac_pt_PKG_CONFIG=/usr/bin/pkg-config
ac_cv_prog_CPP='/usr/bin/gcc -E'
ac_cv_prog_CXXCPP='/usr/bin/g++ -E'
ac_cv_prog_cc_g=yes
ac_cv_prog_cxx_g=yes
ac_cv_sizeof_int_p=8
ac_cv_target=x86_64-pc-linux-gnu
pkg_cv_ALSA_CFLAGS=
pkg_cv_ALSA_LIBS='-lasound '
pkg_cv_PNG_CFLAGS='-I/usr/include/libpng16 '
pkg_cv_PNG_LIBS='-lpng16 '

## ----------------- ##
## Output variables. ##
## ----------------- ##

ADLC_LANGSTD_CXXFLAGS='-std=c++17'
ADLC_LDFLAGS=' -static-libstdc++ -static-libgcc'
ALLOW_ABSOLUTE_PATHS_IN_OUTPUT='true'
ALSA_CFLAGS=''
ALSA_LIBS='-lasound '
AR='/usr/bin/ar'
ARFLAGS=''
AS='/usr/bin/gcc -c'
ASAN_ENABLED='false'
ASFLAGS_DEBUG_SYMBOLS='-g'
AS_NON_ASM_EXTENSION_OPTION=''
AUTOCONF=''
AWK='/usr/bin/gawk'
BASENAME='/usr/bin/basename'
BASH='/usr/bin/bash'
BASH_ARGS=' -o pipefail -e'
BASIC_ASFLAGS='-x assembler-with-cpp'
BOOTCYCLE_JVM_ARGS_BIG=''
BOOT_JDK='/usr/lib/jvm/temurin-25-jdk-amd64'
BOOT_JDK_JAR_SUPPORTS_DATE='true'
BUILD_AR='/usr/bin/ar'
BUILD_AS='/usr/bin/gcc -c'
BUILD_CC='/usr/bin/gcc'
BUILD_CC_DISABLE_WARNING_PREFIX='-Wno-'
BUILD_CDS_ARCHIVE=''
BUILD_CDS_ARCHIVE_COH=''
BUILD_CXX='/usr/bin/g++'
BUILD_ENV='ci'
BUILD_FAILURE_HANDLER=''
BUILD_ICECC=''
BUILD_JAVA_FLAGS_SMALL=''
BUILD_JTREG_TEST_THREAD_FACTORY=''
BUILD_LD='/usr/bin/gcc'
BUILD_LDCXX='/usr/bin/g++'
BUILD_NM='/usr/bin/nm'
BUILD_OBJCOPY='/usr/bin/objcopy'
BUILD_STRIP='/usr/bin/strip'
BUILD_SYSROOT_CFLAGS=''
BUILD_SYSROOT_LDFLAGS=''
CACERTS_FILE=''
CACERTS_SRC=''
CAPSTONE_ARCH_AARCH64_NAME=''
CAPSTONE_CFLAGS=''
CAPSTONE_LIBS=''
CAT='/usr/bin/cat'
CC='/usr/bin/gcc'
CCACHE=''
CC_VERSION_NUMBER='13.3.0'
CFLAGS='-m64  '
CFLAGS_CCACHE=''
CFLAGS_CONVERSION_WARNINGS='-Wconversion -Wno-float-conversion'
CFLAGS_DEBUG_SYMBOLS='-gdwarf-4 -g'
CFLAGS_JDKEXE=' -fvisibility=hidden -pipe -fstack-protector -finput-charset=utf-8        -DLIBC=gnu -D_GNU_SOURCE -D_REENTRANT -D_FILE_OFFSET_BITS=64 -DLINUX -DDEBUG -ftrivial-auto-var-init=pattern        -gdwarf-4 -g          -std=c11 -fno-strict-aliasing        -Wall -Wextra -Wformat=2           -Winvalid-pch -Wpointer-arith -Wreturn-type           -Wsign-compare -Wtrampolines -Wtype-limits -Wundef -Wuninitialized           -Wunused-const-variable=1 -Wunused-function -Wunused-result           -Wunused-value -m64  -D_LITTLE_ENDIAN -DARCH='\''"amd64"'\''       -Damd64 -D_LP64=1   -fno-omit-frame-pointer -fno-lifetime-dse -fPIE'
CFLAGS_JDKLIB=' -fvisibility=hidden -pipe -fstack-protector -finput-charset=utf-8        -DLIBC=gnu -D_GNU_SOURCE -D_REENTRANT -D_FILE_OFFSET_BITS=64 -DLINUX -DDEBUG -ftrivial-auto-var-init=pattern        -gdwarf-4 -g          -std=c11 -fno-strict-aliasing        -Wall -Wextra -Wformat=2           -Winvalid-pch -Wpointer-arith -Wreturn-type           -Wsign-compare -Wtrampolines -Wtype-limits -Wundef -Wuninitialized           -Wunused-const-variable=1 -Wunused-function -Wunused-result           -Wunused-value -m64  -D_LITTLE_ENDIAN -DARCH='\''"amd64"'\''       -Damd64 -D_LP64=1   -fno-omit-frame-pointer -fno-lifetime-dse       -fPIC '
CFLAGS_WARNINGS_ARE_ERRORS='-Werror'
CHECK_GMAKE='/usr/bin/gmake'
CHECK_MAKE=''
CHMOD='/usr/bin/chmod'
CLASSPATH=''
CMAKE='/usr/local/bin/cmake'
CMD=''
CMP='/usr/bin/cmp'
CODESIGN=''
COMPANY_NAME='N/A'
COMPILE_TYPE='native'
COMPILE_WITH_DEBUG_SYMBOLS='true'
COMPRESS_JARS='false'
CONFIGURESUPPORT_OUTPUTDIR='/home/runner/work/jdk/jdk/build/linux-x86_64-server-fastdebug/configure-support'
CONFIGURE_COMMAND_LINE='--with-debug-level=fastdebug --disable-warnings-as-errors --with-freetype=bundled --with-jvm-variants=server --with-cups-include=/usr/include --with-fontconfig-include=/tmp/fake-fc'
CONFIGURE_START_DIR='/home/runner/work/jdk/jdk'
CONF_NAME='linux-x86_64-server-fastdebug'
COPYRIGHT_YEAR='2026'
COPY_DEBUG_SYMBOLS='true'
CP='/usr/bin/cp'
CPP='/usr/bin/gcc -E'
CPPFLAGS=''
CUPS_CFLAGS='-I/usr/include'
CUT='/usr/bin/cut'
CXX='/usr/bin/g++'
CXXCPP='/usr/bin/g++ -E'
CXXFILT='/usr/bin/c++filt'
CXXFLAGS='-m64  '
CXXFLAGS_JDKEXE=' -fvisibility=hidden -pipe -fstack-protector -finput-charset=utf-8        -DLIBC=gnu -D_GNU_SOURCE -D_REENTRANT -D_FILE_OFFSET_BITS=64 -DLINUX -DDEBUG -ftrivial-auto-var-init=pattern        -gdwarf-4 -g                  -std=c++17              -Wall -Wextra -Wformat=2           -Winvalid-pch -Wpointer-arith -Wreturn-type           -Wsign-compare -Wtrampolines -Wtype-limits -Wundef -Wuninitialized           -Wunused-const-variable=1 -Wunused-function -Wunused-result           -Wunused-value -Woverloaded-virtual -Wreorder -m64  -D_LITTLE_ENDIAN -DARCH='\''"amd64"'\''       -Damd64 -D_LP64=1   -fno-omit-frame-pointer -fno-lifetime-dse -fPIE'
CXXFLAGS_JDKLIB=' -fvisibility=hidden -pipe -fstack-protector -finput-charset=utf-8        -DLIBC=gnu -D_GNU_SOURCE -D_REENTRANT -D_FILE_OFFSET_BITS=64 -DLINUX -DDEBUG -ftrivial-auto-var-init=pattern        -gdwarf-4 -g                  -std=c++17              -Wall -Wextra -Wformat=2           -Winvalid-pch -Wpointer-arith -Wreturn-type           -Wsign-compare -Wtrampolines -Wtype-limits -Wundef -Wuninitialized           -Wunused-const-variable=1 -Wunused-function -Wunused-result           -Wunused-value -Woverloaded-virtual -Wreorder -m64  -D_LITTLE_ENDIAN -DARCH='\''"amd64"'\''       -Damd64 -D_LP64=1   -fno-omit-frame-pointer -fno-lifetime-dse       -fPIC '
CXX_O_FLAG_HI='-O2 -D_FORTIFY_SOURCE=2'
CXX_O_FLAG_HIGHEST='-O3 -D_FORTIFY_SOURCE=2'
CXX_O_FLAG_HIGHEST_JVM='-O3 -D_FORTIFY_SOURCE=2'
CXX_O_FLAG_LTO='-flto=auto -fuse-linker-plugin -fno-strict-aliasing -fno-fat-lto-objects'
CXX_O_FLAG_NONE='-O0 -U_FORTIFY_SOURCE'
CXX_O_FLAG_NORM='-O2 -D_FORTIFY_SOURCE=2'
CXX_O_FLAG_SIZE='-Os -U_FORTIFY_SOURCE'
CXX_VERSION_NUMBER='13.3.0'
C_O_FLAG_HI='-O2 -D_FORTIFY_SOURCE=2'
C_O_FLAG_HIGHEST='-O3 -D_FORTIFY_SOURCE=2'
C_O_FLAG_HIGHEST_JVM='-O3 -D_FORTIFY_SOURCE=2'
C_O_FLAG_LTO='-flto=auto -fuse-linker-plugin -fno-strict-aliasing -fno-fat-lto-objects'
C_O_FLAG_NONE='-O0 -U_FORTIFY_SOURCE'
C_O_FLAG_NORM='-O2 -D_FORTIFY_SOURCE=2'
C_O_FLAG_SIZE='-Os -U_FORTIFY_SOURCE'
DATE='/usr/bin/date'
DATE_WHEN_CONFIGURED='Thu Mar 26 12:25:16 UTC 2026'
DEBUG_LEVEL='fastdebug'
DEFAULT_LOG=''
DEFAULT_MAKE_TARGET='exploded-image'
DEFINE_CROSS_COMPILE_ARCH=''
DEFS=''
DEVKIT_LIB_DIR=''
DF='/usr/bin/df'
DIFF='/usr/bin/diff'
DIRNAME='/usr/bin/dirname'
DISABLED_WARNINGS='unused-parameter'
DISABLED_WARNINGS_C=''
DISABLED_WARNINGS_CXX=''
DISABLE_WARNING_PREFIX='-Wno-'
DOCS_REFERENCE_JAVADOC=''
DOT=''
DSYMUTIL=''
DTRACE=''
DUMPBIN=''
ECHO='echo'
ECHO_C=''
ECHO_N='-n'
ECHO_T=''
EGREP='/usr/bin/grep -E'
ENABLE_COMPATIBLE_CDS_ALIGNMENT=''
ENABLE_FALLBACK_LINKER='false'
ENABLE_FULL_DOCS='false'
ENABLE_GENERATE_CLASSLIST=''
ENABLE_HEADLESS_ONLY='false'
ENABLE_HSDIS_BUNDLING='false'
ENABLE_JAVAC_SERVER=''
ENABLE_LIBFFI_BUNDLING='false'
ENABLE_LINKTIME_GC='false'
ENABLE_PANDOC='false'
EXCLUDE_TRANSLATIONS=''
EXECUTABLE_SUFFIX=''
EXEEXT=''
EXPR='/usr/bin/expr'
EXTERNAL_BUILDJDK_PATH=''
EXTRA_ASFLAGS=''
EXTRA_CFLAGS='-m64 '
EXTRA_CXXFLAGS='-m64 '
EXTRA_LDFLAGS='-m64 '
FDLIBM_CFLAGS='-ffp-contract=off'
FGREP='/usr/bin/grep -F'
FILE='/usr/bin/file'
FILE_MACRO_CFLAGS=''
FIND='/usr/bin/find'
FIND_DELETE='-delete'
FIXPATH=''
FIXPATH_BASE=''
FLOCK='/usr/bin/flock'
FONTCONFIG_CFLAGS='-I/tmp/fake-fc'
FREETYPE_CFLAGS=''
FREETYPE_LIBS=''
FREETYPE_TO_USE='bundled'
GCOV_ENABLED='false'
GENDEPS_FLAGS='-MMD -MF'
GIFLIB_CFLAGS=''
GIFLIB_LIBS=''
GIT='/usr/bin/git'
GREP='/usr/bin/grep'
GTEST_FRAMEWORK_SRC=''
GUNZIP='/usr/bin/gunzip'
GZIP='/usr/bin/pigz'
HARFBUZZ_CFLAGS=''
HARFBUZZ_LIBS=''
HEAD='/usr/bin/head'
HOTSPOT_BUILD_CPU='x86_64'
HOTSPOT_BUILD_CPU_ARCH='x86'
HOTSPOT_BUILD_CPU_DEFINE='AMD64'
HOTSPOT_BUILD_LIBC='gnu'
HOTSPOT_BUILD_OS='linux'
HOTSPOT_BUILD_OS_TYPE='posix'
HOTSPOT_BUILD_TIME=''
HOTSPOT_DEBUG_LEVEL='fastdebug'
HOTSPOT_OVERRIDE_LIBPATH=''
HOTSPOT_TARGET_CPU='x86_64'
HOTSPOT_TARGET_CPU_ARCH='x86'
HOTSPOT_TARGET_CPU_DEFINE='AMD64'
HOTSPOT_TARGET_LIBC='gnu'
HOTSPOT_TARGET_OS='linux'
HOTSPOT_TARGET_OS_TYPE='posix'
HOTSPOT_TOOLCHAIN_TYPE='gcc'
HOTSPOT_VM_DISTRO='OpenJDK'
HSDIS_BACKEND='none'
HSDIS_CFLAGS=''
HSDIS_LDFLAGS=''
HSDIS_LIBS=''
ICECC=''
ICECC_CMD=''
ICECC_CREATE_ENV=''
ICECC_WRAPPER=''
ICONV_CFLAGS=''
ICONV_LDFLAGS=''
ICONV_LIBS=''
IMPORT_MODULES_CLASSES=''
IMPORT_MODULES_CMDS=''
IMPORT_MODULES_CONF=''
IMPORT_MODULES_LEGAL=''
IMPORT_MODULES_LIBS=''
IMPORT_MODULES_MAKE=''
IMPORT_MODULES_MAN=''
IMPORT_MODULES_SRC=''
INCLUDE_COMPILER2=''
INCLUDE_JVMCI=''
INCLUDE_SA='true'
INSTALL_NAME_TOOL=''
ISO_8601_FORMAT_STRING='%Y-%m-%dT%H:%M:%SZ'
IS_GNU_DATE='yes'
IS_GNU_TIME='yes'
JAR='/usr/lib/jvm/temurin-25-jdk-amd64/bin/jar'
JAVA='/usr/lib/jvm/temurin-25-jdk-amd64/bin/java'
JAVAC='/usr/lib/jvm/temurin-25-jdk-amd64/bin/javac'
JAVAC_CHECK='/usr/bin/javac'
JAVADOC='/usr/lib/jvm/temurin-25-jdk-amd64/bin/javadoc'
JAVA_CHECK='/usr/bin/java'
JAVA_FLAGS=''
JAVA_FLAGS_BIG=''
JAVA_FLAGS_SMALL=''
JAVA_TOOL_FLAGS_SMALL=''
JAVA_WARNINGS_AS_ERRORS=''
JCOV_ENABLED='false'
JCOV_FILTERS=''
JCOV_HOME=''
JCOV_INPUT_JDK=''
JCOV_MODULES=''
JDK_ARCH_ABI_PROP_NAME=''
JDK_RC_COMPANY_NAME='N/A'
JDK_RC_NAME='OpenJDK Platform'
JDK_RC_PLATFORM_NAME='Platform'
JDK_SOURCE_TARGET_VERSION='27'
JIB_HOME=''
JLINK_KEEP_PACKAGED_MODULES='true'
JLINK_PRODUCE_LINKABLE_RUNTIME='false'
JLINK_USER_EXTRA_FLAGS=''
JMH_COMMONS_MATH_JAR=''
JMH_CORE_JAR=''
JMH_GENERATOR_JAR=''
JMH_JOPT_SIMPLE_JAR=''
JMH_VERSION=''
JMOD_COMPRESS='zip-1'
JOBS=''
JTREGEXE=''
JTREG_JDK='/usr/lib/jvm/temurin-25-jdk-amd64'
JT_HOME=''
JVM_ASFLAGS=' -m64 '
JVM_CFLAGS='-D__STDC_FORMAT_MACROS -D__STDC_LIMIT_MACROS -D__STDC_CONSTANT_MACROS -D_GNU_SOURCE -D_REENTRANT       -pipe -fno-rtti -fno-exceptions         -fvisibility=hidden -fno-strict-aliasing -fno-omit-frame-pointer -fstack-protector -finput-charset=utf-8 -std=c++17         -DLIBC=gnu  -DLINUX -D_FILE_OFFSET_BITS=64 -ftrivial-auto-var-init=pattern       -Wall -Wextra -Wformat=2           -Winvalid-pch -Wpointer-arith -Wreturn-type           -Wsign-compare -Wtrampolines -Wtype-limits -Wundef -Wuninitialized           -Wunused-const-variable=1 -Wunused-function -Wunused-result           -Wunused-value -Woverloaded-virtual -Wreorder -Wzero-as-null-pointer-constant -fPIC          -DVM_LITTLE_ENDIAN -D_LP64=1   -fno-lifetime-dse  -m64 '
JVM_FEATURES_client=''
JVM_FEATURES_core=''
JVM_FEATURES_custom=''
JVM_FEATURES_minimal=''
JVM_FEATURES_server=''
JVM_FEATURES_zero=''
JVM_LDFLAGS='-Wl,-z,defs -Wl,-z,relro -Wl,-z,now -Wl,--no-as-needed -Wl,--exclude-libs,ALL -Wl,-z,noexecstack                   -Wl,--hash-style=gnu  -m64          -static-libstdc++ -static-libgcc'
JVM_LIBS=''
JVM_VARIANTS='server'
JVM_VARIANT_MAIN='server'
LAUNCHER_NAME='openjdk'
LCMS_CFLAGS=''
LCMS_LIBS=''
LD='/usr/bin/gcc'
LDCXX='/usr/bin/g++'
LDD='/usr/bin/ldd'
LDFLAGS='-m64  '
LDFLAGS_CXX_JDK=''
LDFLAGS_CXX_PARTIAL_LINKING='-m64 -r'
LDFLAGS_JDKEXE='-Wl,-z,defs -Wl,-z,relro -Wl,-z,now -Wl,--no-as-needed -Wl,--exclude-libs,ALL -Wl,-z,noexecstack          -m64   -pie         '
LDFLAGS_JDKLIB='-Wl,-z,defs -Wl,-z,relro -Wl,-z,now -Wl,--no-as-needed -Wl,--exclude-libs,ALL -Wl,-z,noexecstack          -m64        -shared  '
LDFLAGS_LTO='-flto=auto -fuse-linker-plugin -fno-strict-aliasing '
LDFLAGS_STATIC_JDK='-Wl,-z,defs -Wl,-z,relro -Wl,-z,now -Wl,--no-as-needed -Wl,--exclude-libs,ALL -Wl,-z,noexecstack  -m64         '
LIB=''
LIBCXX=' -static-libstdc++ -static-libgcc'
LIBDL='-ldl '
LIBFFI_CFLAGS=''
LIBFFI_LIBS=''
LIBFFI_LIB_FILE=''
LIBFLAGS=''
LIBJPEG_CFLAGS=''
LIBJPEG_LIBS=''
LIBM='-lm'
LIBOBJS=''
LIBPTHREAD='-lpthread'
LIBRARY_PREFIX='lib'
LIBS='-lm '
LIBZIP_CAN_USE_MMAP='true'
LIBZ_CFLAGS=''
LIBZ_LIBS='-lz'
LIPO=''
LLD=''
LLVM_CONFIG=''
LN='/usr/bin/ln'
LOCALE='/usr/bin/locale'
LOCALE_USED='C.UTF-8'
LS='/usr/bin/ls'
LSAN_ENABLED='false'
LSB_RELEASE='/usr/bin/lsb_release'
LTLIBOBJS=''
MACHINE_FLAG='-m64'
MACOSX_BUNDLE_BUILD_VERSION='0'
MACOSX_BUNDLE_ID_BASE='net.java.openjdk-internal'
MACOSX_BUNDLE_NAME_BASE='OpenJDK'
MACOSX_CODESIGN_IDENTITY=''
MACOSX_CODESIGN_MODE=''
MACOSX_VERSION_MAX=''
MACOSX_VERSION_MIN=''
MAKE='/usr/bin/gmake'
MEMORY_SIZE=''
METAL=''
METALLIB=''
MIG=''
MKDIR='/usr/bin/mkdir'
MKTEMP='/usr/bin/mktemp'
MSVCP_DLL=''
MSVCR_DLL=''
MT=''
MV='/usr/bin/mv'
NICE='/usr/bin/nice'
NM='/usr/bin/nm'
NMFLAGS=''
NUM_CORES=''
OBJCOPY='/usr/bin/objcopy'
OBJDUMP='/usr/bin/objdump'
OBJEXT='o'
OBJ_SUFFIX='.o'
OLDEST_BOOT_JDK_VERSION='25'
OPENJDK_BUILD_ABI='gnu'
OPENJDK_BUILD_ADLC_LANGSTD_CXXFLAGS=''
OPENJDK_BUILD_AUTOCONF_NAME='x86_64-pc-linux-gnu'
OPENJDK_BUILD_BUNDLE_PLATFORM='linux-x64'
OPENJDK_BUILD_CFLAGS_JDKEXE=' -fvisibility=hidden -pipe -fstack-protector -finput-charset=utf-8        -DLIBC=gnu -D_GNU_SOURCE -D_REENTRANT -D_FILE_OFFSET_BITS=64 -DLINUX -DDEBUG -ftrivial-auto-var-init=pattern        -gdwarf-4 -g          -std=c11 -fno-strict-aliasing        -Wall -Wextra -Wformat=2           -Winvalid-pch -Wpointer-arith -Wreturn-type           -Wsign-compare -Wtrampolines -Wtype-limits -Wundef -Wuninitialized           -Wunused-const-variable=1 -Wunused-function -Wunused-result           -Wunused-value  -D_LITTLE_ENDIAN -DARCH='\''"amd64"'\''       -Damd64 -D_LP64=1   -fno-omit-frame-pointer -fno-lifetime-dse -fPIE'
OPENJDK_BUILD_CFLAGS_JDKLIB=' -fvisibility=hidden -pipe -fstack-protector -finput-charset=utf-8        -DLIBC=gnu -D_GNU_SOURCE -D_REENTRANT -D_FILE_OFFSET_BITS=64 -DLINUX -DDEBUG -ftrivial-auto-var-init=pattern        -gdwarf-4 -g          -std=c11 -fno-strict-aliasing        -Wall -Wextra -Wformat=2           -Winvalid-pch -Wpointer-arith -Wreturn-type           -Wsign-compare -Wtrampolines -Wtype-limits -Wundef -Wuninitialized           -Wunused-const-variable=1 -Wunused-function -Wunused-result           -Wunused-value  -D_LITTLE_ENDIAN -DARCH='\''"amd64"'\''       -Damd64 -D_LP64=1   -fno-omit-frame-pointer -fno-lifetime-dse       -fPIC '
OPENJDK_BUILD_CPU='x86_64'
OPENJDK_BUILD_CPU_ARCH='x86'
OPENJDK_BUILD_CPU_AUTOCONF='x86_64'
OPENJDK_BUILD_CPU_BITS='64'
OPENJDK_BUILD_CPU_ENDIAN='little'
OPENJDK_BUILD_CPU_LEGACY='amd64'
OPENJDK_BUILD_CPU_LEGACY_LIB='amd64'
OPENJDK_BUILD_CPU_OSARCH='amd64'
OPENJDK_BUILD_CXXFLAGS_JDKEXE=' -fvisibility=hidden -pipe -fstack-protector -finput-charset=utf-8        -DLIBC=gnu -D_GNU_SOURCE -D_REENTRANT -D_FILE_OFFSET_BITS=64 -DLINUX -DDEBUG -ftrivial-auto-var-init=pattern        -gdwarf-4 -g                  -std=c++17              -Wall -Wextra -Wformat=2           -Winvalid-pch -Wpointer-arith -Wreturn-type           -Wsign-compare -Wtrampolines -Wtype-limits -Wundef -Wuninitialized           -Wunused-const-variable=1 -Wunused-function -Wunused-result           -Wunused-value -Woverloaded-virtual -Wreorder  -D_LITTLE_ENDIAN -DARCH='\''"amd64"'\''       -Damd64 -D_LP64=1   -fno-omit-frame-pointer -fno-lifetime-dse -fPIE'
OPENJDK_BUILD_CXXFLAGS_JDKLIB=' -fvisibility=hidden -pipe -fstack-protector -finput-charset=utf-8        -DLIBC=gnu -D_GNU_SOURCE -D_REENTRANT -D_FILE_OFFSET_BITS=64 -DLINUX -DDEBUG -ftrivial-auto-var-init=pattern        -gdwarf-4 -g                  -std=c++17              -Wall -Wextra -Wformat=2           -Winvalid-pch -Wpointer-arith -Wreturn-type           -Wsign-compare -Wtrampolines -Wtype-limits -Wundef -Wuninitialized           -Wunused-const-variable=1 -Wunused-function -Wunused-result           -Wunused-value -Woverloaded-virtual -Wreorder  -D_LITTLE_ENDIAN -DARCH='\''"amd64"'\''       -Damd64 -D_LP64=1   -fno-omit-frame-pointer -fno-lifetime-dse       -fPIC '
OPENJDK_BUILD_FDLIBM_CFLAGS='-ffp-contract=off'
OPENJDK_BUILD_JDKLIB_LIBS=''
OPENJDK_BUILD_JVM_ASFLAGS=' '
OPENJDK_BUILD_JVM_CFLAGS='-D__STDC_FORMAT_MACROS -D__STDC_LIMIT_MACROS -D__STDC_CONSTANT_MACROS -D_GNU_SOURCE -D_REENTRANT       -pipe -fno-rtti -fno-exceptions         -fvisibility=hidden -fno-strict-aliasing -fno-omit-frame-pointer -fstack-protector -finput-charset=utf-8 -std=c++17         -DLIBC=gnu  -DLINUX -D_FILE_OFFSET_BITS=64 -ftrivial-auto-var-init=pattern       -Wall -Wextra -Wformat=2           -Winvalid-pch -Wpointer-arith -Wreturn-type           -Wsign-compare -Wtrampolines -Wtype-limits -Wundef -Wuninitialized           -Wunused-const-variable=1 -Wunused-function -Wunused-result           -Wunused-value -Woverloaded-virtual -Wreorder -Wzero-as-null-pointer-constant -fPIC          -DVM_LITTLE_ENDIAN -D_LP64=1   -fno-lifetime-dse  '
OPENJDK_BUILD_JVM_LDFLAGS='-Wl,-z,defs -Wl,-z,relro -Wl,-z,now -Wl,--no-as-needed -Wl,--exclude-libs,ALL -Wl,-z,noexecstack                   -Wl,--hash-style=gnu           -static-libstdc++ -static-libgcc'
OPENJDK_BUILD_JVM_LIBS=''
OPENJDK_BUILD_LDFLAGS_JDKEXE='-Wl,-z,defs -Wl,-z,relro -Wl,-z,now -Wl,--no-as-needed -Wl,--exclude-libs,ALL -Wl,-z,noexecstack            -pie         '
OPENJDK_BUILD_LDFLAGS_JDKLIB='-Wl,-z,defs -Wl,-z,relro -Wl,-z,now -Wl,--no-as-needed -Wl,--exclude-libs,ALL -Wl,-z,noexecstack                 -shared  '
OPENJDK_BUILD_LDFLAGS_STATIC_JDK='-Wl,-z,defs -Wl,-z,relro -Wl,-z,now -Wl,--no-as-needed -Wl,--exclude-libs,ALL -Wl,-z,noexecstack          '
OPENJDK_BUILD_LIBC='gnu'
OPENJDK_BUILD_OS='linux'
OPENJDK_BUILD_OS_ENV='linux'
OPENJDK_BUILD_OS_INCLUDE_SUBDIR='linux'
OPENJDK_BUILD_OS_TYPE='unix'
OPENJDK_MODULE_TARGET_PLATFORM='linux-amd64'
OPENJDK_TARGET_ABI='gnu'
OPENJDK_TARGET_AUTOCONF_NAME='x86_64-pc-linux-gnu'
OPENJDK_TARGET_BUNDLE_PLATFORM='linux-x64'
OPENJDK_TARGET_CPU='x86_64'
OPENJDK_TARGET_CPU_ARCH='x86'
OPENJDK_TARGET_CPU_AUTOCONF='x86_64'
OPENJDK_TARGET_CPU_BITS='64'
OPENJDK_TARGET_CPU_ENDIAN='little'
OPENJDK_TARGET_CPU_LEGACY='amd64'
OPENJDK_TARGET_CPU_LEGACY_LIB='amd64'
OPENJDK_TARGET_CPU_OSARCH='amd64'
OPENJDK_TARGET_LIBC='gnu'
OPENJDK_TARGET_OS='linux'
OPENJDK_TARGET_OS_ENV='linux'
OPENJDK_TARGET_OS_INCLUDE_SUBDIR='linux'
OPENJDK_TARGET_OS_TYPE='unix'
OPENJDK_TARGET_OS_UPPERCASE='LINUX'
ORIGINAL_PATH='/home/runner/work/_temp/ghcca-node/node/bin:/snap/bin:/home/runner/.local/bin:/opt/pipx_bin:/home/runner/.cargo/bin:/home/runner/.config/composer/vendor/bin:/usr/local/.ghcup/bin:/home/runner/.dotnet/tools:/usr/local/sbin:/usr/local/bin:/usr/sbin:/usr/bin:/sbin:/bin:/usr/games:/usr/local/games:/snap/bin'
OS_VERSION_MAJOR='6'
OS_VERSION_MICRO='0'
OS_VERSION_MINOR='14'
OTOOL=''
OUTPUTDIR='/home/runner/work/jdk/jdk/build/linux-x86_64-server-fastdebug'
OUTPUT_SYNC='none'
OUTPUT_SYNC_SUPPORTED='true'
PACKAGE_BUGREPORT='build-dev@openjdk.org'
PACKAGE_NAME='OpenJDK'
PACKAGE_STRING='OpenJDK openjdk'
PACKAGE_TARNAME='openjdk'
PACKAGE_URL='https://openjdk.org'
PACKAGE_VERSION='openjdk'
PANDOC=''
PANDOC_MARKDOWN_FLAG=''
PATCH='/usr/bin/patch'
PATHTOOL=''
PATH_SEPARATOR=':'
PKGHANDLER='/usr/bin/apt-get'
PKG_CONFIG='/usr/bin/pkg-config'
PNG_CFLAGS=''
PNG_LIBS=''
POTENTIAL_CC='/usr/bin/gcc'
POTENTIAL_CXX='/usr/bin/g++'
PRINTF='printf'
PRODUCT_NAME='OpenJDK'
PRODUCT_SUFFIX='Runtime Environment'
RC=''
RCFLAGS=''
READELF='/usr/bin/readelf'
READLINK='/usr/bin/readlink'
REAL_CONFIGURE_COMMAND_EXEC_FULL=''
REAL_CONFIGURE_COMMAND_EXEC_SHORT=''
REAL_CONFIGURE_COMMAND_LINE=''
RELEASE_FILE_LIBC='gnu'
RELEASE_FILE_OS_ARCH='x86_64'
RELEASE_FILE_OS_NAME='Linux'
REPRODUCIBLE_CFLAGS=''
RM='/usr/bin/rm -f'
RMDIR='/usr/bin/rmdir'
SED='/usr/bin/sed'
SETFILE=''
SH='/usr/bin/sh'
SHARED_LIBRARY_FLAGS='-shared'
SHARED_LIBRARY_SUFFIX='.so'
SHELL='/usr/bin/bash'
SHIP_DEBUG_SYMBOLS='full'
SIGNING_HOOK=''
SORT='/usr/bin/sort'
SOURCE_DATE='1774527917'
SOURCE_DATE_ISO_8601='2026-03-26T12:25:17Z'
SPEC='/home/runner/work/jdk/jdk/build/linux-x86_64-server-fastdebug/spec.gmk'
STAT='/usr/bin/stat'
STATIC_ANALYZER_ENABLED='false'
STATIC_LIBRARY_SUFFIX='.a'
STRIP='/usr/bin/strip'
STRIPFLAGS='--strip-debug'
SVE_CFLAGS=''
SYSROOT=''
SYSROOT_CFLAGS=''
SYSROOT_LDFLAGS=''
TAIL='/usr/bin/tail'
TAR='/usr/bin/tar'
TAR_INCLUDE_PARAM='T'
TAR_SUPPORTS_TRANSFORM='true'
TAR_TYPE='gnu'
TEE='/usr/bin/tee'
TEST_JOBS=''
TIDY=''
TIME='time'
TOOLCHAIN_PATH=''
TOOLCHAIN_TYPE='gcc'
TOOLCHAIN_VERSION=''
TOPDIR='/home/runner/work/jdk/jdk'
TOUCH='/usr/bin/touch'
TR='/usr/bin/tr'
UBSAN_CFLAGS=''
UBSAN_ENABLED='false'
UBSAN_LDFLAGS=''
UCRT_DLL_DIR=''
ULIMIT='ulimit'
UNAME='/usr/bin/uname'
UNIQ='/usr/bin/uniq'
UNLIMITED_CRYPTO='true'
UNZIP='/usr/bin/unzip'
USERNAME='runner'
USE_EXTERNAL_HARFBUZZ='false'
USE_EXTERNAL_LCMS='false'
USE_EXTERNAL_LIBGIF='false'
USE_EXTERNAL_LIBJPEG='false'
USE_EXTERNAL_LIBPNG='false'
USE_EXTERNAL_LIBZ='true'
USE_PRECOMPILED_HEADER=''
VALID_JVM_FEATURES=''
VALID_JVM_VARIANTS='server client minimal core zero custom'
VCRUNTIME_1_DLL=''
VENDOR_URL='https://openjdk.org/'
VENDOR_URL_BUG='https://bugreport.java.com/bugreport/'
VENDOR_URL_VM_BUG='https://bugreport.java.com/bugreport/crash.jsp'
VENDOR_VERSION_STRING=''
VERSION_BUILD=''
VERSION_CLASSFILE_MAJOR='71'
VERSION_CLASSFILE_MINOR='0'
VERSION_DATE='2026-09-15'
VERSION_DOCS_API_SINCE='11'
VERSION_EXTRA1='0'
VERSION_EXTRA2='0'
VERSION_EXTRA3='0'
VERSION_FEATURE='27'
VERSION_INTERIM='0'
VERSION_IS_GA='false'
VERSION_NUMBER='27'
VERSION_NUMBER_FOUR_POSITIONS='27.0.0.0'
VERSION_OPT='adhoc.runner.jdk'
VERSION_PATCH='0'
VERSION_PRE='internal'
VERSION_SHORT='27-internal'
VERSION_STRING='27-internal-adhoc.runner.jdk'
VERSION_UPDATE='0'
WARNINGS_AS_ERRORS='false'
WC='/usr/bin/wc'
WHOAMI='/usr/bin/whoami'
WINENV_PREFIX=''
WINENV_ROOT=''
WORKSPACE_ROOT='/home/runner/work/jdk/jdk'
XARGS='/usr/bin/xargs'
XATTR=''
XCODEBUILD=''
XCRUN=''
XMKMF=''
X_CFLAGS=''
X_EXTRA_LIBS=''
X_LIBS=''
X_PRE_LIBS=''
ZIPEXE='/usr/bin/zip'
ZIP_EXTERNAL_DEBUG_SYMBOLS='false'
ac_ct_CC=''
ac_ct_CXX=''
bindir='${exec_prefix}/bin'
build='x86_64-pc-linux-gnu'
build_alias=''
build_cpu='x86_64'
build_os='linux-gnu'
build_vendor='pc'
datadir='${datarootdir}'
datarootdir='${prefix}/share'
docdir='${datarootdir}/doc/${PACKAGE_TARNAME}'
dvidir='${docdir}'
exec_prefix='NONE'
host='x86_64-pc-linux-gnu'
host_alias=''
host_cpu='x86_64'
host_os='linux-gnu'
host_vendor='pc'
htmldir='${docdir}'
includedir='${prefix}/include'
infodir='${datarootdir}/info'
libdir='${exec_prefix}/lib'
libexecdir='${exec_prefix}/libexec'
localedir='${datarootdir}/locale'
localstatedir='${prefix}/var'
mandir='${datarootdir}/man'
oldincludedir='/usr/include'
pdfdir='${docdir}'
prefix='NONE'
program_transform_name='s,x,x,'
psdir='${docdir}'
runstatedir='${localstatedir}/run'
sbindir='${exec_prefix}/sbin'
sharedstatedir='${prefix}/com'
sysconfdir='${prefix}/etc'
target='x86_64-pc-linux-gnu'
target_alias=''
target_cpu='x86_64'
target_os='linux-gnu'
target_vendor='pc'

## ----------- ##
## confdefs.h. ##
## ----------- ##

/* confdefs.h */
#define PACKAGE_NAME "OpenJDK"
#define PACKAGE_TARNAME "openjdk"
#define PACKAGE_VERSION "openjdk"
#define PACKAGE_STRING "OpenJDK openjdk"
#define PACKAGE_BUGREPORT "build-dev@openjdk.org"
#define PACKAGE_URL "https://openjdk.org"
#define HAVE_STDIO_H 1
#define HAVE_STDLIB_H 1
#define HAVE_STRING_H 1
#define HAVE_INTTYPES_H 1
#define HAVE_STDINT_H 1
#define HAVE_STRINGS_H 1
#define HAVE_SYS_STAT_H 1
#define HAVE_SYS_TYPES_H 1
#define HAVE_UNISTD_H 1
#define STDC_HEADERS 1
#define HAVE_STDIO_H 1
#define SIZEOF_INT_P 8
#define HAVE_LIBM 1
#define HAVE_LIBDL 1
#define X_DISPLAY_MISSING 1

configure: exit 1
